{
    "metadata": {
        "description": "Results for different cycle_step_size values",
        "cycle_step_sizes": [
            1,
            3,
            5,
            7
        ]
    },
    "results": {
        "1": {
            "la": {
                "V": 125.43780896363097,
                "P_i": 1.8918443840149175,
                "Q_i": 85.63841933794393
            },
            "mi": {
                "V": 0.0,
                "P_i": 1.8918443840149175,
                "Q_i": 85.12217263877217
            },
            "lv": {
                "V": 78.43302167656424,
                "P_i": 35.726596708394545,
                "Q_i": 85.12217263877217
            },
            "ao": {
                "V": 0.0,
                "P_i": 35.726596708394545,
                "Q_i": 85.46707071257764
            },
            "sas": {
                "V": 7.935169985533782,
                "P_i": 99.18962481915754,
                "Q_i": 85.46707071257764
            },
            "sat": {
                "V": 158.29328734571033,
                "P_i": 98.9333045910714,
                "Q_i": 85.46670858628629
            },
            "svn": {
                "V": 146.52144876746553,
                "P_i": 7.14738774475429,
                "Q_i": 85.78154959253648
            },
            "ra": {
                "V": 53.80419144699683,
                "P_i": 0.7409492646472583,
                "Q_i": 85.41917973476043
            },
            "ti": {
                "V": 0.0,
                "P_i": 0.7409492646472583,
                "Q_i": 85.21441802598888
            },
            "rv": {
                "V": 66.18665308761932,
                "P_i": 11.556955202253105,
                "Q_i": 85.21441802598888
            },
            "po": {
                "V": 0.0,
                "P_i": 11.556955202253105,
                "Q_i": 84.76151384790603
            },
            "pas": {
                "V": 5.188167663743965,
                "P_i": 28.82315368748437,
                "Q_i": 84.76151384790603
            },
            "pat": {
                "V": 108.88391561186756,
                "P_i": 28.653662003122296,
                "Q_i": 84.75736435946384
            },
            "pvn": {
                "V": 49.31633545087104,
                "P_i": 2.4056749000425808,
                "Q_i": 84.6698041042773
            }
        },
        "3": {
            "la": {
                "V": 125.43671555581082,
                "P_i": 1.8918743966439486,
                "Q_i": 85.63899452725995
            },
            "mi": {
                "V": 0.0,
                "P_i": 1.8918743966439486,
                "Q_i": 85.12276623473828
            },
            "lv": {
                "V": 78.43370556654797,
                "P_i": 35.726732080652454,
                "Q_i": 85.12276623473828
            },
            "ao": {
                "V": 0.0,
                "P_i": 35.726732080652454,
                "Q_i": 85.46775977332928
            },
            "sas": {
                "V": 7.935200306088251,
                "P_i": 99.19000382611331,
                "Q_i": 85.46775977332928
            },
            "sat": {
                "V": 158.29389016355236,
                "P_i": 98.93368135221976,
                "Q_i": 85.4672576752595
            },
            "svn": {
                "V": 146.52117445767013,
                "P_i": 7.14737436378872,
                "Q_i": 85.7819140635977
            },
            "ra": {
                "V": 53.802429334604184,
                "P_i": 0.7409260081657724,
                "Q_i": 85.41931140830596
            },
            "ti": {
                "V": 0.0,
                "P_i": 0.7409260081657724,
                "Q_i": 85.21423254356965
            },
            "rv": {
                "V": 66.18739846234556,
                "P_i": 11.556977257422208,
                "Q_i": 85.21423254356965
            },
            "po": {
                "V": 0.0,
                "P_i": 11.556977257422208,
                "Q_i": 84.76185074673485
            },
            "pas": {
                "V": 5.1881849730035094,
                "P_i": 28.823249850020396,
                "Q_i": 84.76185074673485
            },
            "pat": {
                "V": 108.88427972232917,
                "P_i": 28.653757821665934,
                "Q_i": 84.75771185332971
            },
            "pvn": {
                "V": 49.317021458053645,
                "P_i": 2.4057083638075087,
                "Q_i": 84.6700042863683
            }
        },
        "5": {
            "la": {
                "V": 125.13647946978168,
                "P_i": 1.885908356875621,
                "Q_i": 85.85236009026312
            },
            "mi": {
                "V": 0.0,
                "P_i": 1.885908356875621,
                "Q_i": 85.19668336916295
            },
            "lv": {
                "V": 78.1973923686021,
                "P_i": 35.56087846444398,
                "Q_i": 85.19668336916295
            },
            "ao": {
                "V": 0.0,
                "P_i": 35.56087846444398,
                "Q_i": 85.18418104976712
            },
            "sas": {
                "V": 7.8979264354362435,
                "P_i": 98.72408044296233,
                "Q_i": 85.18418104976712
            },
            "sat": {
                "V": 157.54983238781537,
                "P_i": 98.46864524238467,
                "Q_i": 85.16341090231866
            },
            "svn": {
                "V": 146.6416237510697,
                "P_i": 7.1532499390763835,
                "Q_i": 85.3416490128491
            },
            "ra": {
                "V": 54.05281190813093,
                "P_i": 0.7448176773630025,
                "Q_i": 85.44576348951175
            },
            "ti": {
                "V": 0.0,
                "P_i": 0.7448176773630025,
                "Q_i": 85.36639423785674
            },
            "rv": {
                "V": 66.49674115758373,
                "P_i": 11.635142251196598,
                "Q_i": 85.36639423785674
            },
            "po": {
                "V": 0.0,
                "P_i": 11.635142251196598,
                "Q_i": 85.34931733799588
            },
            "pas": {
                "V": 5.22157011712042,
                "P_i": 29.008722872892957,
                "Q_i": 85.34931733799588
            },
            "pat": {
                "V": 109.58466079740198,
                "P_i": 28.838068630896718,
                "Q_i": 85.33840482829541
            },
            "pvn": {
                "V": 49.220961607049915,
                "P_i": 2.4010225174172,
                "Q_i": 85.2801603466206
            }
        },
        "7": {
            "la": {
                "V": 125.12976179137765,
                "P_i": 1.8855774322008392,
                "Q_i": 85.77008943682864
            },
            "mi": {
                "V": 0.0,
                "P_i": 1.8855774322008392,
                "Q_i": 85.13276321844744
            },
            "lv": {
                "V": 78.21261330483122,
                "P_i": 35.5882402798702,
                "Q_i": 85.13276321844744
            },
            "ao": {
                "V": 0.0,
                "P_i": 35.5882402798702,
                "Q_i": 85.1574677529472
            },
            "sas": {
                "V": 7.905076155825749,
                "P_i": 98.81345194783403,
                "Q_i": 85.1574677529472
            },
            "sat": {
                "V": 157.69291523694326,
                "P_i": 98.55807202308897,
                "Q_i": 85.15256225938438
            },
            "svn": {
                "V": 146.71642465198522,
                "P_i": 7.156898763511504,
                "Q_i": 85.42190218338914
            },
            "ra": {
                "V": 54.040798347985394,
                "P_i": 0.7446781355125455,
                "Q_i": 85.49627503998612
            },
            "ti": {
                "V": 0.0,
                "P_i": 0.7446781355125455,
                "Q_i": 85.3945765573658
            },
            "rv": {
                "V": 66.45364929420494,
                "P_i": 11.619722813932832,
                "Q_i": 85.3945765573658
            },
            "po": {
                "V": 0.0,
                "P_i": 11.619722813932832,
                "Q_i": 85.30189730432218
            },
            "pas": {
                "V": 5.21424536571159,
                "P_i": 28.968029809510313,
                "Q_i": 85.30189730432218
            },
            "pat": {
                "V": 109.4304574902965,
                "P_i": 28.79748881323648,
                "Q_i": 85.27987458268527
            },
            "pvn": {
                "V": 49.20405836084357,
                "P_i": 2.400197968821811,
                "Q_i": 85.15154807247924
            }
        }
    }
}
