{
    "metadata": {
        "description": "Results for different cycle_step_size values",
        "cycle_step_sizes": [
            1,
            3,
            5,
            7
        ]
    },
    "results": {
        "1": {
            "la": {
                "V": 125.87496203251925,
                "P_i": 1.893574171924107,
                "Q_i": 85.40078030344195
            },
            "mi": {
                "V": 0.0,
                "P_i": 1.893574171924107,
                "Q_i": 84.90653484484213
            },
            "lv": {
                "V": 78.6673237584121,
                "P_i": 35.593212422399844,
                "Q_i": 84.90653484484213
            },
            "ao": {
                "V": 0.0,
                "P_i": 35.593212422399844,
                "Q_i": 85.23537748668392
            },
            "sas": {
                "V": 7.91389700466602,
                "P_i": 98.92371255829534,
                "Q_i": 85.23537748668392
            },
            "sat": {
                "V": 157.86868575555988,
                "P_i": 98.66792859722787,
                "Q_i": 85.24446439831614
            },
            "svn": {
                "V": 146.11383888656576,
                "P_i": 7.127504335930061,
                "Q_i": 85.55211144374462
            },
            "ra": {
                "V": 54.13534093275566,
                "P_i": 0.7391547755682375,
                "Q_i": 85.17799413815766
            },
            "ti": {
                "V": 0.0,
                "P_i": 0.7391547755682375,
                "Q_i": 84.9743452259153
            },
            "rv": {
                "V": 66.32813325514445,
                "P_i": 11.516727764579773,
                "Q_i": 84.9743452259153
            },
            "po": {
                "V": 0.0,
                "P_i": 11.516727764579773,
                "Q_i": 84.50590664467063
            },
            "pas": {
                "V": 5.174663634918987,
                "P_i": 28.74813130511693,
                "Q_i": 84.50590664467063
            },
            "pat": {
                "V": 108.60058823768283,
                "P_i": 28.57910216781205,
                "Q_i": 84.50710403569647
            },
            "pvn": {
                "V": 49.322566501768065,
                "P_i": 2.405978853744759,
                "Q_i": 84.42834739871722
            }
        },
        "3": {
            "la": {
                "V": 125.89453920382705,
                "P_i": 1.8939732898934276,
                "Q_i": 85.39819928731039
            },
            "mi": {
                "V": 0.0,
                "P_i": 1.8939732898934276,
                "Q_i": 84.90373893433201
            },
            "lv": {
                "V": 78.66059575655532,
                "P_i": 35.592410419413206,
                "Q_i": 84.90373893433201
            },
            "ao": {
                "V": 0.0,
                "P_i": 35.592410419413206,
                "Q_i": 85.2323875282136
            },
            "sas": {
                "V": 7.91357821170983,
                "P_i": 98.91972764642468,
                "Q_i": 85.2323875282136
            },
            "sat": {
                "V": 157.86233015698554,
                "P_i": 98.66395634811418,
                "Q_i": 85.24074588285997
            },
            "svn": {
                "V": 146.10645586870618,
                "P_i": 7.127144188717361,
                "Q_i": 85.54873590901576
            },
            "ra": {
                "V": 54.13086622838577,
                "P_i": 0.7390095728365704,
                "Q_i": 85.17512821174388
            },
            "ti": {
                "V": 0.0,
                "P_i": 0.7390095728365704,
                "Q_i": 84.97196625506359
            },
            "rv": {
                "V": 66.32790284612582,
                "P_i": 11.516372102651088,
                "Q_i": 84.97196625506359
            },
            "po": {
                "V": 0.0,
                "P_i": 11.516372102651088,
                "Q_i": 84.50314722165041
            },
            "pas": {
                "V": 5.174574490213495,
                "P_i": 28.74763605674208,
                "Q_i": 84.50314722165041
            },
            "pat": {
                "V": 108.59872628233775,
                "P_i": 28.578612179562214,
                "Q_i": 84.50440893281598
            },
            "pvn": {
                "V": 49.33043095515549,
                "P_i": 2.40636248561729,
                "Q_i": 84.42552846803014
            }
        },
        "5": {
            "la": {
                "V": 125.58055243062215,
                "P_i": 1.8872536687406318,
                "Q_i": 85.61057052039503
            },
            "mi": {
                "V": 0.0,
                "P_i": 1.8872536687406318,
                "Q_i": 84.96982358022932
            },
            "lv": {
                "V": 78.41643469244372,
                "P_i": 35.4253667294469,
                "Q_i": 84.96982358022932
            },
            "ao": {
                "V": 0.0,
                "P_i": 35.4253667294469,
                "Q_i": 84.91626509599149
            },
            "sas": {
                "V": 7.876203049598159,
                "P_i": 98.45253812002802,
                "Q_i": 84.91626509599149
            },
            "sat": {
                "V": 157.1163352026953,
                "P_i": 98.1977095016838,
                "Q_i": 84.92574824050739
            },
            "svn": {
                "V": 146.24327452970664,
                "P_i": 7.133818269741867,
                "Q_i": 85.1066010855439
            },
            "ra": {
                "V": 54.39886589821547,
                "P_i": 0.743072229558605,
                "Q_i": 85.2099472024435
            },
            "ti": {
                "V": 0.0,
                "P_i": 0.743072229558605,
                "Q_i": 85.13632358420435
            },
            "rv": {
                "V": 66.6428279004919,
                "P_i": 11.594802182353456,
                "Q_i": 85.13632358420435
            },
            "po": {
                "V": 0.0,
                "P_i": 11.594802182353456,
                "Q_i": 85.09319960838555
            },
            "pas": {
                "V": 5.207947239740735,
                "P_i": 28.93304022078219,
                "Q_i": 85.09319960838555
            },
            "pat": {
                "V": 109.2987586732986,
                "P_i": 28.762831229816392,
                "Q_i": 85.09798855782044
            },
            "pvn": {
                "V": 49.21880038319126,
                "P_i": 2.400917091863002,
                "Q_i": 85.03779120249864
            }
        },
        "7": {
            "la": {
                "V": 125.57171072915837,
                "P_i": 1.8870584763439575,
                "Q_i": 85.52709699344757
            },
            "mi": {
                "V": 0.0,
                "P_i": 1.8870584763439575,
                "Q_i": 84.90551544616297
            },
            "lv": {
                "V": 78.43458268815654,
                "P_i": 35.45395488735134,
                "Q_i": 84.90551544616297
            },
            "ao": {
                "V": 0.0,
                "P_i": 35.45395488735134,
                "Q_i": 84.91220775238729
            },
            "sas": {
                "V": 7.883627197345277,
                "P_i": 98.54533996686854,
                "Q_i": 84.91220775238729
            },
            "sat": {
                "V": 157.2648532332098,
                "P_i": 98.29053327075435,
                "Q_i": 84.91910790157372
            },
            "svn": {
                "V": 146.3168213699925,
                "P_i": 7.137405920487411,
                "Q_i": 85.19008534545003
            },
            "ra": {
                "V": 54.3803163211295,
                "P_i": 0.742846058149947,
                "Q_i": 85.26079816449952
            },
            "ti": {
                "V": 0.0,
                "P_i": 0.742846058149947,
                "Q_i": 85.16349971474315
            },
            "rv": {
                "V": 66.600288747577,
                "P_i": 11.57907947432549,
                "Q_i": 85.16349971474315
            },
            "po": {
                "V": 0.0,
                "P_i": 11.57907947432549,
                "Q_i": 85.03096431447774
            },
            "pas": {
                "V": 5.2005341558920355,
                "P_i": 28.891856421623093,
                "Q_i": 85.03096431447774
            },
            "pat": {
                "V": 109.1427338623007,
                "P_i": 28.721772069026375,
                "Q_i": 85.03674232536707
            },
            "pvn": {
                "V": 49.20453169524745,
                "P_i": 2.4002210583046426,
                "Q_i": 84.9072215527161
            }
        }
    }
}