{
    "metadata": {
        "description": "Results for different cycle_step_size values",
        "cycle_step_sizes": [
            1,
            3,
            5,
            7
        ]
    },
    "results": {
        "1": {
            "la": {
                "V": 125.8928976751118,
                "P_i": 1.8938458577734953,
                "Q_i": 85.39949680212193
            },
            "mi": {
                "V": 0.0,
                "P_i": 1.8938458577734953,
                "Q_i": 84.90546769976645
            },
            "lv": {
                "V": 78.66272599334997,
                "P_i": 35.59274839490238,
                "Q_i": 84.90546769976645
            },
            "ao": {
                "V": 0.0,
                "P_i": 35.59274839490238,
                "Q_i": 85.23450237539328
            },
            "sas": {
                "V": 7.913675162425469,
                "P_i": 98.9209395302869,
                "Q_i": 85.23450237539328
            },
            "sat": {
                "V": 157.86425825429254,
                "P_i": 98.66516140893259,
                "Q_i": 85.24291541352254
            },
            "svn": {
                "V": 146.10678493293662,
                "P_i": 7.127160240631127,
                "Q_i": 85.54984620232946
            },
            "ra": {
                "V": 54.129181897255094,
                "P_i": 0.738985805979797,
                "Q_i": 85.1756591286844
            },
            "ti": {
                "V": 0.0,
                "P_i": 0.738985805979797,
                "Q_i": 84.97267837921487
            },
            "rv": {
                "V": 66.3291340396971,
                "P_i": 11.516387466517788,
                "Q_i": 84.97267837921487
            },
            "po": {
                "V": 0.0,
                "P_i": 11.516387466517788,
                "Q_i": 84.50355909650018
            },
            "pas": {
                "V": 5.174577475984303,
                "P_i": 28.74765264436922,
                "Q_i": 84.50355909650018
            },
            "pat": {
                "V": 108.59878637792325,
                "P_i": 28.578627994191333,
                "Q_i": 84.50471590153539
            },
            "pvn": {
                "V": 49.327978191018005,
                "P_i": 2.406242838586227,
                "Q_i": 84.4259653640753
            }
        },
        "3": {
            "la": {
                "V": 125.87898787380126,
                "P_i": 1.8936270255299361,
                "Q_i": 85.39964312443114
            },
            "mi": {
                "V": 0.0,
                "P_i": 1.8936270255299361,
                "Q_i": 84.90503745377812
            },
            "lv": {
                "V": 78.66610012672649,
                "P_i": 35.59328599885691,
                "Q_i": 84.90503745377812
            },
            "ao": {
                "V": 0.0,
                "P_i": 35.59328599885691,
                "Q_i": 85.23588969345752
            },
            "sas": {
                "V": 7.913842948129457,
                "P_i": 98.92303685167869,
                "Q_i": 85.23588969345752
            },
            "sat": {
                "V": 157.86760829529734,
                "P_i": 98.66725518456485,
                "Q_i": 85.24413375578058
            },
            "svn": {
                "V": 146.1119745936649,
                "P_i": 7.127413394812935,
                "Q_i": 85.55156684927846
            },
            "ra": {
                "V": 54.13418804339574,
                "P_i": 0.7390900820495335,
                "Q_i": 85.1776441701787
            },
            "ti": {
                "V": 0.0,
                "P_i": 0.7390900820495335,
                "Q_i": 84.97395316584321
            },
            "rv": {
                "V": 66.32852857441148,
                "P_i": 11.516691434032682,
                "Q_i": 84.97395316584321
            },
            "po": {
                "V": 0.0,
                "P_i": 11.516691434032682,
                "Q_i": 84.50625692200968
            },
            "pas": {
                "V": 5.1746641045880555,
                "P_i": 28.74813391437811,
                "Q_i": 84.50625692200968
            },
            "pat": {
                "V": 108.60059531230151,
                "P_i": 28.57910402955323,
                "Q_i": 84.50741890165237
            },
            "pvn": {
                "V": 49.323510127670666,
                "P_i": 2.4060248842765226,
                "Q_i": 84.42820374337428
            }
        },
        "5": {
            "la": {
                "V": 125.56846813073614,
                "P_i": 1.8872083943182683,
                "Q_i": 85.61161704554661
            },
            "mi": {
                "V": 0.0,
                "P_i": 1.8872083943182683,
                "Q_i": 84.97078678321347
            },
            "lv": {
                "V": 78.41988479061095,
                "P_i": 35.425695932998536,
                "Q_i": 84.97078678321347
            },
            "ao": {
                "V": 0.0,
                "P_i": 35.425695932998536,
                "Q_i": 84.91767715823849
            },
            "sas": {
                "V": 7.876277571009406,
                "P_i": 98.45346963767662,
                "Q_i": 84.91767715823849
            },
            "sat": {
                "V": 157.1178180824001,
                "P_i": 98.198636301508,
                "Q_i": 84.92711475345322
            },
            "svn": {
                "V": 146.24700138195243,
                "P_i": 7.134000067412092,
                "Q_i": 85.10729670730116
            },
            "ra": {
                "V": 54.40123770155104,
                "P_i": 0.7431828557681395,
                "Q_i": 85.21089615525273
            },
            "ti": {
                "V": 0.0,
                "P_i": 0.7431828557681395,
                "Q_i": 85.13740435666196
            },
            "rv": {
                "V": 66.6430551444336,
                "P_i": 11.595039154210598,
                "Q_i": 85.13740435666196
            },
            "po": {
                "V": 0.0,
                "P_i": 11.595039154210598,
                "Q_i": 85.09485401768453
            },
            "pas": {
                "V": 5.20801804275803,
                "P_i": 28.93343357087725,
                "Q_i": 85.09485401768453
            },
            "pat": {
                "V": 109.30023817441776,
                "P_i": 28.763220572216547,
                "Q_i": 85.09968707594645
            },
            "pvn": {
                "V": 49.218000980128636,
                "P_i": 2.4008780965915477,
                "Q_i": 85.03917164745138
            }
        },
        "7": {
            "la": {
                "V": 125.5457749837557,
                "P_i": 1.88685322486534,
                "Q_i": 85.53051704368762
            },
            "mi": {
                "V": 0.0,
                "P_i": 1.88685322486534,
                "Q_i": 84.90917895540491
            },
            "lv": {
                "V": 78.44379242094664,
                "P_i": 35.4551764188586,
                "Q_i": 84.90917895540491
            },
            "ao": {
                "V": 0.0,
                "P_i": 35.4551764188586,
                "Q_i": 84.91578511070432
            },
            "sas": {
                "V": 7.88396605825903,
                "P_i": 98.54957572829835,
                "Q_i": 84.91578511070432
            },
            "sat": {
                "V": 157.271612887081,
                "P_i": 98.29475805443136,
                "Q_i": 84.9227725239724
            },
            "svn": {
                "V": 146.3244463968129,
                "P_i": 7.137777873015088,
                "Q_i": 85.19368608825201
            },
            "ra": {
                "V": 54.379507593410935,
                "P_i": 0.7429646968970506,
                "Q_i": 85.26417568157383
            },
            "ti": {
                "V": 0.0,
                "P_i": 0.7429646968970506,
                "Q_i": 85.16673814271641
            },
            "rv": {
                "V": 66.60355958145854,
                "P_i": 11.57951779645562,
                "Q_i": 85.16673814271641
            },
            "po": {
                "V": 0.0,
                "P_i": 11.57951779645562,
                "Q_i": 85.0343773165251
            },
            "pas": {
                "V": 5.20068580795275,
                "P_i": 28.89269893307077,
                "Q_i": 85.0343773165251
            },
            "pat": {
                "V": 109.14590956420297,
                "P_i": 28.722607780054574,
                "Q_i": 85.04021609229014
            },
            "pvn": {
                "V": 49.20074470611329,
                "P_i": 2.400036327127466,
                "Q_i": 84.91051201829417
            }
        }
    }
}
