{
    "metadata": {
        "description": "Results for the Naghavi model for different cycle_step_size values",
        "cycle_step_sizes": [
            1,
            3,
            5,
            7
        ]
    },
    "results": {
        "1": {
            "ao": {
                "V": 122.56075811135553,
                "P_i": 75.20252703785012,
                "Q_i": 0.048934094834730074
            },
            "art": {
                "V": 1090.3480442749105,
                "P_i": 63.44934809164009,
                "Q_i": 0.048971578942541755
            },
            "ven": {
                "V": 3846.0730596561093,
                "P_i": 7.847509824876981,
                "Q_i": 0.04942385623712276
            },
            "av": {
                "V": 0.0,
                "P_i": 28.488133664438774,
                "Q_i": 0.048934094834730074
            },
            "mv": {
                "V": 0.0,
                "P_i": 7.409783953285662,
                "Q_i": 0.048960566277028016
            },
            "la": {
                "V": 60.28748882306064,
                "P_i": 7.409783953285662,
                "Q_i": 0.048636207954590976
            },
            "lv": {
                "V": 80.73064913455569,
                "P_i": 28.488133664438774,
                "Q_i": 0.048960566277028016
            }
        },
        "3": {
            "ao": {
                "V": 122.51084208251298,
                "P_i": 75.03614027505186,
                "Q_i": 0.04900377833290808
            },
            "art": {
                "V": 1089.8079427816588,
                "P_i": 63.26931426055318,
                "Q_i": 0.04902844172707784
            },
            "ven": {
                "V": 3846.6486128576726,
                "P_i": 7.85182755332092,
                "Q_i": 0.049259988184206446
            },
            "av": {
                "V": 0.0,
                "P_i": 28.468218615885156,
                "Q_i": 0.04900377833290808
            },
            "mv": {
                "V": 0.0,
                "P_i": 7.413489410700101,
                "Q_i": 0.04903545667523455
            },
            "la": {
                "V": 60.2982606657063,
                "P_i": 7.413489410700101,
                "Q_i": 0.048704238068979895
            },
            "lv": {
                "V": 80.73434161244585,
                "P_i": 28.468218615885156,
                "Q_i": 0.04903545667523455
            }
        },
        "5": {
            "ao": {
                "V": 122.4781068978671,
                "P_i": 74.92702299289142,
                "Q_i": 0.049034996539634626
            },
            "art": {
                "V": 1089.462533838445,
                "P_i": 63.154177946147286,
                "Q_i": 0.04905352102810057
            },
            "ven": {
                "V": 3847.034300993557,
                "P_i": 7.854720937686034,
                "Q_i": 0.049155072896409996
            },
            "av": {
                "V": 0.0,
                "P_i": 28.453618322533977,
                "Q_i": 0.049034996539634626
            },
            "mv": {
                "V": 0.0,
                "P_i": 7.416090966743908,
                "Q_i": 0.049071596689529574
            },
            "la": {
                "V": 60.305536389723194,
                "P_i": 7.416090966743908,
                "Q_i": 0.04873666343801397
            },
            "lv": {
                "V": 80.71952188041395,
                "P_i": 28.453618322533977,
                "Q_i": 0.049071596689529574
            }
        },
        "7": {
            "ao": {
                "V": 122.48632824103444,
                "P_i": 74.95442747010813,
                "Q_i": 0.04903161215598496
            },
            "art": {
                "V": 1089.546511629491,
                "P_i": 63.18217054316782,
                "Q_i": 0.04905107052891793
            },
            "ven": {
                "V": 3846.9340294700005,
                "P_i": 7.85396871320322,
                "Q_i": 0.04918062384885742
            },
            "av": {
                "V": 0.0,
                "P_i": 28.457797738909896,
                "Q_i": 0.04903161215598496
            },
            "mv": {
                "V": 0.0,
                "P_i": 7.415370948074471,
                "Q_i": 0.049067240480950756
            },
            "la": {
                "V": 60.30342213853348,
                "P_i": 7.415370948074471,
                "Q_i": 0.048733085014305455
            },
            "lv": {
                "V": 80.72970852094255,
                "P_i": 28.457797738909896,
                "Q_i": 0.049067240480950756
            }
        }
    }
}
