{
    "metadata": {
        "description": "Results for the Naghavi model for different cycle_step_size values",
        "cycle_step_sizes": [
            1,
            3,
            5,
            7
        ]
    },
    "results": {
        "1": {
            "ao": {
                "V": 122.56102571490003,
                "P_i": 75.20341904967013,
                "Q_i": 0.048934671383246614
            },
            "art": {
                "V": 1090.3503016417196,
                "P_i": 63.450100547241135,
                "Q_i": 0.04897216042678747
            },
            "ven": {
                "V": 3846.0685604221835,
                "P_i": 7.847476072184391,
                "Q_i": 0.04942455508893932
            },
            "av": {
                "V": 0.0,
                "P_i": 28.488323225947074,
                "Q_i": 0.048934671383246614
            },
            "mv": {
                "V": 0.0,
                "P_i": 7.40973582547811,
                "Q_i": 0.04896215283092631
            },
            "la": {
                "V": 60.2871581305958,
                "P_i": 7.40973582547811,
                "Q_i": 0.04863780518958673
            },
            "lv": {
                "V": 80.73295409059237,
                "P_i": 28.488323225947074,
                "Q_i": 0.04896215283092631
            }
        },
        "3": {
            "ao": {
                "V": 122.50929255479168,
                "P_i": 75.03097518264217,
                "Q_i": 0.04899926308274608
            },
            "art": {
                "V": 1089.7958553868125,
                "P_i": 63.26528512893511,
                "Q_i": 0.04902370855711272
            },
            "ven": {
                "V": 3846.665295726937,
                "P_i": 7.851952706128812,
                "Q_i": 0.04925629548693893
            },
            "av": {
                "V": 0.0,
                "P_i": 28.46660928481167,
                "Q_i": 0.04899926308274608
            },
            "mv": {
                "V": 0.0,
                "P_i": 7.413604757384227,
                "Q_i": 0.04903627374962354
            },
            "la": {
                "V": 60.29890958300382,
                "P_i": 7.413604757384227,
                "Q_i": 0.048705327638287256
            },
            "lv": {
                "V": 80.73064674843424,
                "P_i": 28.46660928481167,
                "Q_i": 0.04903627374962354
            }
        },
        "5": {
            "ao": {
                "V": 122.56187466523865,
                "P_i": 75.20624888412918,
                "Q_i": 0.04894017558250503
            },
            "art": {
                "V": 1090.355003468683,
                "P_i": 63.45166782289486,
                "Q_i": 0.048977421088476344
            },
            "ven": {
                "V": 3846.0527781686797,
                "P_i": 7.847357675684119,
                "Q_i": 0.049426053464187325
            },
            "av": {
                "V": 0.0,
                "P_i": 28.489451106792384,
                "Q_i": 0.04894017558250503
            },
            "mv": {
                "V": 0.0,
                "P_i": 7.409558388144073,
                "Q_i": 0.048969081688365265
            },
            "la": {
                "V": 60.28689779970928,
                "P_i": 7.409558388144073,
                "Q_i": 0.04864436528222745
            },
            "lv": {
                "V": 80.74344589768313,
                "P_i": 28.489451106792384,
                "Q_i": 0.048969081688365265
            }
        },
        "7": {
            "ao": {
                "V": 122.48641587021964,
                "P_i": 74.95471956739213,
                "Q_i": 0.049030275419444096
            },
            "art": {
                "V": 1089.5478045632635,
                "P_i": 63.18260152108885,
                "Q_i": 0.049050491859597
            },
            "ven": {
                "V": 3846.932430391488,
                "P_i": 7.853956717115329,
                "Q_i": 0.049181017603532017
            },
            "av": {
                "V": 0.0,
                "P_i": 28.457727681397202,
                "Q_i": 0.049030275419444096
            },
            "mv": {
                "V": 0.0,
                "P_i": 7.415359746577433,
                "Q_i": 0.049067001887735565
            },
            "la": {
                "V": 60.30404548936004,
                "P_i": 7.415359746577433,
                "Q_i": 0.04873299672643295
            },
            "lv": {
                "V": 80.72930368567708,
                "P_i": 28.457727681397202,
                "Q_i": 0.049067001887735565
            }
        }
    }
}